GAMS 48.3.0  71b5641f Nov 12, 2024          WEX-WEI x86 64bit/MS Windows - 12/18/24 16:29:51 Page 1
G e n e r a l   A l g e b r a i c   M o d e l i n g   S y s t e m
C o m p i l a t i o n


   1  option solver =  Gurobi;
   2   
   3  set i /1,2,3,4/;
   4  variables x(i), y(i);
   5  set j /1/;
   6  variable obj;
   7   
   8  scalar s /5/;
   9  equation eq1;
  10  eq1.. obj =e=
  11  abs(x('1'));
  12  set xr /1,4,33,90/;
  13  display xr.val;
****               $567
**** 567  No suffix for SET, PARAMETER, or ACRONYM allowed
  14  Model md /all/;
  15   
  20  md.optfile = 1;
  21  solve md using DNLP min obj;
****                             $257
**** 257  Solve statement not checked because of previous errors

**** 2 ERROR(S)   0 WARNING(S)


COMPILATION TIME     =        0.016 SECONDS      3 MB  48.3.0 71b5641f WEX-WEI


USER: GAMS Demo, for EULA and demo limitations see   G241001/0001CB-GEN
      https://www.gams.com/latest/docs/UG%5FLicense.html         DC0000


**** FILE SUMMARY

Input      C:\Users\Asus\Projects\FrequentlyUsedRepos\AGV-Project\Thesis\Implementation\new1.gms
Output     C:\Users\Asus\Projects\FrequentlyUsedRepos\AGV-Project\Thesis\Implementation\new1.lst

**** USER ERROR(S) ENCOUNTERED
