GAMS 48.3.0  71b5641f Nov 12, 2024          WEX-WEI x86 64bit/MS Windows - 01/01/25 11:51:20 Page 1
G e n e r a l   A l g e b r a i c   M o d e l i n g   S y s t e m
C o m p i l a t i o n


   1  binary variable p1,p2;
   2  set i /1*4/;
   3  set ii /1*3/;
   4  binary variable z(ii);
   5  set oo /slack, w/;
   6  variable slack;
   7  variable x(i);
   8  variable ind(oo);
   9  sos1 variable x, ind;
  10  x.l(i)  = 9 $(not sameas (i, '1'));
  11  x.l('1') = 1;
  12  equation defBinarySOS1;
  13  defBinarySOS1.. sum(i,x(i)) =e= 1;
  14  slack.l = 0;
  15   
  16  binary variable w;
  17  w.l = 1;
  18  equation eq1, eq2, eq3, indOn, indOff;
  19  x.up(i) = 1;
  20  x.lo(i) = 0;
  21  eq1.. sum(ii,z(ii)) =e= sum (i,i.val*x(i));
  22  eq2.. w =e= x('1');
  23  eq3.. abs(p1-p2) =e= slack;
  24  indOn.. ind('slack') - slack =e= 0;
  25  indOff.. ind('w') =e= w;
  26   
  27  variable obj;
  28  equation costFunc;
  29  costfunc.. obj =e= sum(ii, z(ii));
  30   
  31  variable ht1, ht2, y1, y2;
  32   
  33  Model hello /all/;
  34   
  35  Solve hello using MINLP max obj;
  36  execute_unload 'THEFILE';
  37  display ind.l;
  38   

**** LIST OF STRAY NAMES - CHECK DECLARATIONS FOR SPURIOUS COMMAS
**** STRAY NAME ht2 OF TYPE VAR  
**** STRAY NAME y1 OF TYPE VAR  
**** STRAY NAME y2 OF TYPE VAR  


COMPILATION TIME     =        0.000 SECONDS      3 MB  48.3.0 71b5641f WEX-WEI
GAMS 48.3.0  71b5641f Nov 12, 2024          WEX-WEI x86 64bit/MS Windows - 01/01/25 11:51:20 Page 2
G e n e r a l   A l g e b r a i c   M o d e l i n g   S y s t e m
Equation Listing    SOLVE hello Using MINLP From line 35


---- defBinarySOS1  =E=  

defBinarySOS1..  x(1) + x(2) + x(3) + x(4) =E= 1 ; (LHS = 4, INFES = 3 ****)
     

---- eq1  =E=  

eq1..  z(1) + z(2) + z(3) - x(1) - 2*x(2) - 3*x(3) - 4*x(4) =E= 0 ; (LHS = -10, INFES = 10 ****)
     

---- eq2  =E=  

eq2..  - x(1) + w =E= 0 ; (LHS = 0)
     

---- eq3  =E=  

eq3..  (1)*p1 - (1)*p2 - slack =E= 0 ; (LHS = 0)
     

---- indOn  =E=  

indOn..  - slack + ind(slack) =E= 0 ; (LHS = 0)
     

---- indOff  =E=  

indOff..  ind(w) - w =E= 0 ; (LHS = -1, INFES = 1 ****)
     

---- costFunc  =E=  

costFunc..  - z(1) - z(2) - z(3) + obj =E= 0 ; (LHS = 0)
     
GAMS 48.3.0  71b5641f Nov 12, 2024          WEX-WEI x86 64bit/MS Windows - 01/01/25 11:51:20 Page 3
G e n e r a l   A l g e b r a i c   M o d e l i n g   S y s t e m
Column Listing      SOLVE hello Using MINLP From line 35


---- p1  

p1
                (.LO, .L, .UP, .M = 0, 0, 1, 0)
       (1)      eq3


---- p2  

p2
                (.LO, .L, .UP, .M = 0, 0, 1, 0)
      (-1)      eq3


---- z  

z(1)
                (.LO, .L, .UP, .M = 0, 0, 1, 0)
        1       eq1
       -1       costFunc

z(2)
                (.LO, .L, .UP, .M = 0, 0, 1, 0)
        1       eq1
       -1       costFunc

z(3)
                (.LO, .L, .UP, .M = 0, 0, 1, 0)
        1       eq1
       -1       costFunc


---- slack  

slack
                (.LO, .L, .UP, .M = -INF, 0, +INF, 0)
       -1       eq3
       -1       indOn


---- x  

x(1)
                (.LO, .L, .UP, .M = 0, 1, 1, 0)
        1       defBinarySOS1
       -1       eq1
       -1       eq2

x(2)
                (.LO, .L, .UP, .M = 0, 1, 1, 0)
        1       defBinarySOS1
       -2       eq1
        9       (OLD LEVEL ****)

x(3)
                (.LO, .L, .UP, .M = 0, 1, 1, 0)
        1       defBinarySOS1
       -3       eq1
        9       (OLD LEVEL ****)

REMAINING ENTRY SKIPPED

---- ind  

ind(slack)
                (.LO, .L, .UP, .M = 0, 0, +INF, 0)
        1       indOn

ind(w)
                (.LO, .L, .UP, .M = 0, 0, +INF, 0)
        1       indOff


---- w  

w
                (.LO, .L, .UP, .M = 0, 1, 1, 0)
        1       eq2
       -1       indOff


---- obj  

obj
                (.LO, .L, .UP, .M = -INF, 0, +INF, 0)
        1       costFunc

GAMS 48.3.0  71b5641f Nov 12, 2024          WEX-WEI x86 64bit/MS Windows - 01/01/25 11:51:20 Page 4
G e n e r a l   A l g e b r a i c   M o d e l i n g   S y s t e m
Range Statistics    SOLVE hello Using MINLP From line 35


RANGE STATISTICS (ABSOLUTE NON-ZERO FINITE VALUES)

RHS       [min, max] : [ 1.000E+00, 1.000E+00] - Zero values observed as well
Bound     [min, max] : [ 1.000E+00, 1.000E+00] - Zero values observed as well
Matrix    [min, max] : [ 1.000E+00, 4.000E+00]

GAMS 48.3.0  71b5641f Nov 12, 2024          WEX-WEI x86 64bit/MS Windows - 01/01/25 11:51:20 Page 5
G e n e r a l   A l g e b r a i c   M o d e l i n g   S y s t e m
Model Statistics    SOLVE hello Using MINLP From line 35


MODEL STATISTICS

BLOCKS OF EQUATIONS           7     SINGLE EQUATIONS            7
BLOCKS OF VARIABLES           8     SINGLE VARIABLES           14  3 projected
NON ZERO ELEMENTS            24     NON LINEAR N-Z              2
CODE LENGTH                   5     CONSTANT POOL              16     DISCRETE VARIABLES          6


GENERATION TIME      =        0.000 SECONDS      4 MB  48.3.0 71b5641f WEX-WEI
GAMS 48.3.0  71b5641f Nov 12, 2024          WEX-WEI x86 64bit/MS Windows - 01/01/25 11:51:20 Page 6
G e n e r a l   A l g e b r a i c   M o d e l i n g   S y s t e m
Solution Report     SOLVE hello Using MINLP From line 35


               S O L V E      S U M M A R Y

     MODEL   hello               OBJECTIVE  obj
     TYPE    MINLP               DIRECTION  MAXIMIZE
     SOLVER  DICOPT              FROM LINE  35

**** SOLVER STATUS     4 Terminated By Solver
**** MODEL STATUS      9 Intermediate Non-Integer
**** OBJECTIVE VALUE                3.0000

 RESOURCE USAGE, LIMIT          0.000 10000000000.000
 ITERATION COUNT, LIMIT         2    2147483647
 EVALUATION ERRORS              0             0
-------------------------------------------------------------------------------
Dicopt 2         48.3.0 71b5641f Nov 12, 2024          WEI x86 64bit/MS Window
-------------------------------------------------------------------------------
*** This solver runs with a demo license. No commercial use.
--- WARNING: 2 missing bounds on discrete variables.
---   In an integer cut, DICOPT will assume a bound of +/-1.000000e+04.
---   You can change this value by setting the option 'infbnd'.
--- *** This solver runs with a demo license. No commercial use.
 
 
    C O N O P T   version 4.35
    Copyright (C) GAMS Software GmbH
                  GAMS Development Corporation
 
 
    The user model has 7 constraints and 14 variables
    with 24 Jacobian elements, 2 of which are nonlinear.
    The Hessian of the Lagrangian has 2 elements on the diagonal,
    1 elements below the diagonal, and 2 nonlinear variables.
 
    The pre-triangular part of the model has 0 constraints and 2 variables.
    The post-triangular part of the model has 5 constraints and variables.
 
    Preprocessed model has 2 constraints and 7 variables
    with 11 Jacobian elements, 0 of which are nonlinear.
 
 ** Optimal solution. There are no superbasic variables.
 
 
 CONOPT time Total                            0.001 seconds
   of which: Function evaluations             0.000 =  0.0%
             1st Derivative evaluations       0.000 =  0.0%
             2nd Derivative evaluations       0.000 =  0.0%
             Interval derivative evals        0.000 =  0.0%
 
*** This solver runs with a demo license. No commercial use.
Gurobi library version 11.0.2
GAMS/Gurobi demo/community requires a Gurobi license from Gurobi Optimization.
*** Cannot initialize Gurobi environment. (status=10009|10009)
*** No Gurobi license found (user asus, host AMIRSLAPTOP, hostid fe144264, cores 14)
--- DICOPT: Stopped prematurely because of Solver Failure

      DICOPT terminated prematurely because of a solver
      failure. The listing file will contain additional
      logs from the NLP and MIP solvers which may reveal
      what was the cause of the failure.

--- DICOPT: No integer solution

      No integer solution was found. The relaxed NLP solution
      will be reported.


                           LOWER          LEVEL          UPPER         MARGINAL

---- EQU defBinary~         1.0000         1.0000         1.0000         EPS         
---- EQU eq1                 .              .              .             EPS         
---- EQU eq2                 .              .              .             EPS         
---- EQU eq3                 .              .              .             EPS         
---- EQU indOn               .              .              .             EPS         
---- EQU indOff              .              .              .             EPS         
---- EQU costFunc            .              .              .             1.0000      

                           LOWER          LEVEL          UPPER         MARGINAL

---- VAR p1                  .              .             1.0000         EPS         
---- VAR p2                  .              .             1.0000         EPS         

---- VAR z  

         LOWER          LEVEL          UPPER         MARGINAL

1          .             1.0000         1.0000         1.0000      
2          .             1.0000         1.0000         1.0000      
3          .             1.0000         1.0000         1.0000      

                           LOWER          LEVEL          UPPER         MARGINAL

---- VAR slack             -INF             .            +INF             .          

---- VAR x  

         LOWER          LEVEL          UPPER         MARGINAL

1          .              .             1.0000         EPS         
2          .              .             1.0000         EPS         
3          .             1.0000         1.0000         EPS         
4          .              .             1.0000         EPS         

---- VAR ind  

             LOWER          LEVEL          UPPER         MARGINAL

slack          .              .            +INF            EPS         
w              .              .            +INF            EPS         

                           LOWER          LEVEL          UPPER         MARGINAL

---- VAR w                   .              .             1.0000         EPS         
---- VAR obj               -INF            3.0000        +INF             .          


**** REPORT SUMMARY :        0     NONOPT
                             0 INFEASIBLE
                             0  UNBOUNDED
                             0     ERRORS
GAMS 48.3.0  71b5641f Nov 12, 2024          WEX-WEI x86 64bit/MS Windows - 01/01/25 11:51:20 Page 7
G e n e r a l   A l g e b r a i c   M o d e l i n g   S y s t e m
Solution Report     SOLVE hello Using MINLP From line 35


**** SOLVER STATUS FILE LISTED BELOW
=1
-------------------------------------------------------------------------------
=CDicopt 2         48.3.0 71b5641f Nov 12, 2024          WEI x86 64bit/MS Window
-------------------------------------------------------------------------------
=C*** This solver runs with a demo license. No commercial use.
=C--- WARNING: 2 missing bounds on discrete variables.
=C---   In an integer cut, DICOPT will assume a bound of +/-1.000000e+04.
=C---   You can change this value by setting the option 'infbnd'.
=1
=2
=0CONOPT 4         48.3.0 71b5641f Nov 12, 2024          WEI x86 64bit/MS Window
=1
--- *** This solver runs with a demo license. No commercial use.
=2
=1
 
 
    C O N O P T   version 4.35
    Copyright (C) GAMS Software GmbH
                  GAMS Development Corporation
 
=2
 
  ***  Line    0  SET       LFEERR =            0
 
  ***  Line    0  SET       LFEERR =            0
 
  ***  Line    0  SET       LFITER =   2147483647
 
  ***  Line    0  SET       RVTIME =     1.0000000000E+10
=1
 
    The user model has 7 constraints and 14 variables
    with 24 Jacobian elements, 2 of which are nonlinear.
    The Hessian of the Lagrangian has 2 elements on the diagonal,
    1 elements below the diagonal, and 2 nonlinear variables.
=2
 
    Iter Phase   Ninf   Infeasibility   RGmax      NSB   Step  InItr MX OK
       0   0          1.4000000000E+01 (Input point)
=1
 
    The pre-triangular part of the model has 0 constraints and 2 variables.
=2
=1
    The post-triangular part of the model has 5 constraints and variables.
=2
=1
 
    Preprocessed model has 2 constraints and 7 variables
    with 11 Jacobian elements, 0 of which are nonlinear.
=2
                      1.1750000000E+01 (Full preprocessed model)
                      7.2500000000E+00 (After scaling)
                      0.0000000000E+00 (After adjusting individual variables)
 
    Iter Phase   Ninf   Infeasibility   RGmax      NSB   Step  InItr MX OK
 
 ** Feasible solution. Value of objective =    2.00000000000
 
Search for an optimal solution.
 
 
    Iter Phase   Ninf     Objective     RGmax      NSB   Step  InItr MX OK
       1   3          3.0000000000E+00 1.0E+00       1 1.0E+00     1 T  T
       2   4          3.0000000000E+00 0.0E+00       0
=1
 
 ** Optimal solution. There are no superbasic variables.
 
=2
=1
 
 CONOPT time Total                            0.001 seconds
   of which: Function evaluations             0.000 =  0.0%
             1st Derivative evaluations       0.000 =  0.0%
             2nd Derivative evaluations       0.000 =  0.0%
             Interval derivative evals        0.000 =  0.0%
 
=2
 
 Memory: Max used =      0.02 Mbytes
  Total Allocated =      0.03 Mbytes
 
=0Gurobi           48.3.0 71b5641f Nov 12, 2024          WEI x86 64bit/MS Window
=C*** This solver runs with a demo license. No commercial use.
=CGurobi library version 11.0.2
=1
=2
=CGAMS/Gurobi demo/community requires a Gurobi license from Gurobi Optimization.
=C*** Cannot initialize Gurobi environment. (status=10009|10009)
=C*** No Gurobi license found (user asus, host AMIRSLAPTOP, hostid fe144264, cores 14)
=1
=C--- DICOPT: Stopped prematurely because of Solver Failure
=C
=C      DICOPT terminated prematurely because of a solver
=C      failure. The listing file will contain additional
=C      logs from the NLP and MIP solvers which may reveal
=C      what was the cause of the failure.
=C
=C--- DICOPT: No integer solution
=C
=C      No integer solution was found. The relaxed NLP solution
=C      will be reported.
=C
=2
 DICOPT Log File
 ------------------------------------------------------------------
 Major Major     Objective    CPU time  Itera- Evaluation Solver
 Step  Iter       Function     (Sec)    tions   Errors
  NLP    1         3.00000      0.00        2      0      conopt
  MIP    1       *Failure*      0.00        0      0      gurobi
 ------------------------------------------------------------------
   Total solver times :  NLP =     0.00   MIP =     0.00
 ------------------------------------------------------------------
=4
=2
 -------------------------------------------------------------
   Values of discrete variables at the end of major iterations
 -------------------------------------------------------------

  Total no. of variables         :    14
  Total no. of binary variables  :    12
  Total no. of integer variables :     0

  Seq. no. of binary variables in the list of variables


        1        2        3        4        5
        7        8        9       10       11
       12       13

  Values of binary variables : Iteration no.: 1


   0.000   0.000   1.000   1.000   1.000
   0.000   0.000   1.000   0.000   0.000
   0.000   0.000

**** SOLVER STATUS FILE LISTED ABOVE
GAMS 48.3.0  71b5641f Nov 12, 2024          WEX-WEI x86 64bit/MS Windows - 01/01/25 11:51:20 Page 8
G e n e r a l   A l g e b r a i c   M o d e l i n g   S y s t e m
E x e c u t i o n


----     37 VARIABLE ind.L  

                      ( ALL       0.000 )



EXECUTION TIME       =        0.031 SECONDS      4 MB  48.3.0 71b5641f WEX-WEI


USER: GAMS Demo, for EULA and demo limitations see   G241001/0001CB-GEN
      https://www.gams.com/latest/docs/UG%5FLicense.html         DC0000


**** FILE SUMMARY

Input      C:\Users\Asus\Projects\FrequentlyUsedRepos\AGV-Project\Thesis\Implementation\new22.gms
Output     C:\Users\Asus\Projects\FrequentlyUsedRepos\AGV-Project\Thesis\Implementation\new22.lst
