GAMS 25.1.2  r67455 Released Aug  1, 2018 WEX-WEI x86 64bit/MS Windows - 11/13/24 10:34:24 Page 1
G e n e r a l   A l g e b r a i c   M o d e l i n g   S y s t e m
C o m p i l a t i o n


   2   
      scalar r /10/; !! alksdfj;lkasdjf
      set i "set of all" / i1*i12 /;
      set j /j1/;
      set c(i,j) /#i.#j/;
      set a /1,2,3,4/;
      *set o "llasdjfl" /i\set(i1)/; !!another way is by writing /(set.c).(set.a)/
      c('i1','j1') = no;
      set q(i,j,a);
      alias(i,i_1);
      sets
          p /1/ 
          v /3/
          ;
      set kk /2/;
      set o(i,j,kk) /i1.j1.2/;
      *display kk $(1);
       
      set l /j1,j2/; !!this is /s/
      set k;
      k(i) = yes;
      display k;
      set t1(i) /i6/;
      set gh /h1,h2,h4/;
      set gh2(gh) /h1,h2/;
      *set ij(i,j)(i) /i1 /;
      set gh1(gh,i) /#gh2.#i/;
      t1('i2') = Yes;
      alias(j,t2);
      parameter
          f(i) "hi" / i1 1 / 
          g(i_1) / i1 1 /;
      loop(i$(ord(i)>=2),
        f(i) = f(i-2) + f(i-1);
      );
      set z /#i,#j/;
      display z;
      set y(i,j);
      alias (i,iii);
      set ii(i) /i1,i2/;
      y(ii,j) = yes;
      Set ll / l1*l5 /;
      display y;
       
      * This will display only the third element
      *k(i) $(ord(i) = o('i1','j1')) = no;
      variable oi(iii);
      variable x;
      equation eq_2(ii,i,j);
      eq_2(ii,i,j).. x =e= sum(iii $(sameas(iii,'i1')), oi(iii));
      equation eq_1;
      display y;
      eq_1.. x =e= sum((i,j)$(y(i,j)), 1);
      Model ww /all/;
      solve ww using lp minimizing x;
  59  set j /1*10/;
  60  alias (j,j_1)
  61  parameter val(j);
  62  val(j) = j.val $(j.val > 4);
  63  variable x;
  64  equation eq1(j);
  65  eq1(j).. sum(j_1 $(ord(j_1) < ord(j)), 1) =e= x;
  66  Set   i         / i1*i3 /
  67        s(i,i,i)  "Set members" / i1.i2.i3, i3.i3.i1/
  68        pR1(i,i)  "projection right to left with assignment"
  69        pR2(i,i)  "projection right to left with option statement"
  70        pL1(i,i)  "projection left to right with assignment"
  71        pL2(i,i)  "projection left to right with option statement" ;
  72  Alias (i,ii,iii);
  73   
  74  * Right-to-left permutation, two ways
  75  pR1(i,ii) = sum(s(iii,ii,i),1);
  76  option pR2 < s;
  77   
  78  * Left-to-right permutation, two ways
  79  pL1(i,ii) = sum(s(i,ii,iii),1);
  80  option pL2 <= s;
  81   
  82  *option s:0:0:1, pR1:0:0:1, pR2:0:0:1, pL1:0:0:1, pL2:0:0:1;
  83  display s, pR1, pR2, pL1, pL2 ;


COMPILATION TIME     =        0.000 SECONDS      3 MB  25.1.2 r67455 WEX-WEI
GAMS 25.1.2  r67455 Released Aug  1, 2018 WEX-WEI x86 64bit/MS Windows - 11/13/24 10:34:24 Page 2
G e n e r a l   A l g e b r a i c   M o d e l i n g   S y s t e m
E x e c u t i o n


----     83 SET s  Set members

               i1          i3

i1.i2                     YES
i3.i3         YES


----     83 SET pR1  projection right to left with assignment

            i2          i3

i1                     YES
i3         YES


----     83 SET pR2  projection right to left with option statement

            i2          i3

i1                     YES
i3         YES


----     83 SET pL1  projection left to right with assignment

            i2          i3

i1         YES
i3                     YES


----     83 SET pL2  projection left to right with option statement

            i2          i3

i1         YES
i3                     YES



EXECUTION TIME       =        0.000 SECONDS      4 MB  25.1.2 r67455 WEX-WEI


USER: GAMS Development Corporation, USA              G871201/0000CA-ANY
      Free Demo, +1 202-342-0180, support@gams.com, www.gams.com DC0000


**** FILE SUMMARY

Input      C:\Users\Asus\Projects\FrequentlyUsedRepos\AGV-Project\Thesis\Implementation\Testing2.gms
Output     C:\Users\Asus\Projects\FrequentlyUsedRepos\AGV-Project\Thesis\Implementation\Testing2.lst
