GAMS 25.1.2  r67455 Released Aug  1, 2018 WEX-WEI x86 64bit/MS Windows - 10/31/24 13:34:47 Page 1
A Transportation Problem (TRNSPORT,SEQ=1)
C o m p i l a t i o n


       
      This problem finds a least cost shipping schedule that meets
      requirements at markets and supplies at factories.
       
       
      Dantzig, G B, Chapter 3.3. In Linear Programming and Extensions.
      Princeton University Press, Princeton, New Jersey, 1963.
       
      This formulation is described in detail in:
      Rosenthal, R E, Chapter 2: A GAMS Tutorial. In GAMS: A User's Guide.
      The Scientific Press, Redwood City, California, 1988.
       
      The line numbers will not match those in the book because of these
      comments.
       
  19   
  20   
  21    Sets
  22         i   canning plants   / seattle, san-diego /
  23         j   markets          / new-york, chicago, topeka, Tehran / ;
  24   
  25    Parameters
  26   
  27         a(i)  capacity of plant i in cases
  28           /    seattle     350
  29                san-diego   69  /
  30   
  31         b(j)  demand at market j in cases
  32           /    new-york    325
  33                chicago     300
  34                topeka      275
  35               Tehran      90 / ;
  36   
  37    Table d(i,j)  distance in thousands of miles
  38                      new-york       chicago      topeka      Tehran
  39        seattle          2.5           1.7          0.8     1.01
  40        san-diego        2.5           1.8          1.4      2.3;
  41   
  42    Scalar f  freight in dollars per case per thousand miles  /90/ ;
  43   
  44    Parameter c(i,j)  transport cost in thousands of dollars per case ;
  45   
  46              c(i,j) = f * d(i,j) / 1000 ;
  47   
  48    Variables
  49         x(i,j)  shipment quantities in cases
  50         z       total transportation costs in thousands of dollars ;
  51   
  52    Positive Variable x ;
  53   
  54    Equations
  55         cost        define objective function
  56         supply(i)   observe supply limit at plant i
  57         demand(j)   satisfy demand at market  ;
  58   
  59    cost ..        z  =e=  sum((i,j), c(i,j)*x(i,j)) ;
  60   
  61    supply(i) ..   sum(j, x(i,j))  =l=  a(i) ;
  62   
  63    demand(j) ..   sum(i, x(i,j))  =g=  b(j) ;
  64   
  65    Model transport /all/ ;
  66   
  67    Solve transport using lp minimizing z ;
  68   
  69    Display x.l, x.m ;
  70   


COMPILATION TIME     =        0.000 SECONDS      3 MB  25.1.2 r67455 WEX-WEI
GAMS 25.1.2  r67455 Released Aug  1, 2018 WEX-WEI x86 64bit/MS Windows - 10/31/24 13:34:47 Page 2
A Transportation Problem (TRNSPORT,SEQ=1)
Equation Listing    SOLVE transport Using LP From line 67


---- cost  =E=  define objective function

cost..  - 0.225*x(seattle,new-york) - 0.153*x(seattle,chicago) - 0.072*x(seattle,topeka) - 0.0909*x(seattle,Tehran) - 0.225*x(san-diego,new-york) - 0.162*x(san-diego,chicago) - 0.126*x(san-diego,topeka) - 0.207*x(san-diego,Tehran) + z =E= 0 ; (LHS = 0)
     

---- supply  =L=  observe supply limit at plant i

supply(seattle)..  x(seattle,new-york) + x(seattle,chicago) + x(seattle,topeka) + x(seattle,Tehran) =L= 350 ; (LHS = 0)
     
supply(san-diego)..  x(san-diego,new-york) + x(san-diego,chicago) + x(san-diego,topeka) + x(san-diego,Tehran) =L= 69 ; (LHS = 0)
     

---- demand  =G=  satisfy demand at market

demand(new-york)..  x(seattle,new-york) + x(san-diego,new-york) =G= 325 ; (LHS = 0, INFES = 325 ****)
     
demand(chicago)..  x(seattle,chicago) + x(san-diego,chicago) =G= 300 ; (LHS = 0, INFES = 300 ****)
     
demand(topeka)..  x(seattle,topeka) + x(san-diego,topeka) =G= 275 ; (LHS = 0, INFES = 275 ****)
     
REMAINING ENTRY SKIPPED

GAMS 25.1.2  r67455 Released Aug  1, 2018 WEX-WEI x86 64bit/MS Windows - 10/31/24 13:34:47 Page 3
A Transportation Problem (TRNSPORT,SEQ=1)
Column Listing      SOLVE transport Using LP From line 67


---- x  shipment quantities in cases

x(seattle,new-york)
                (.LO, .L, .UP, .M = 0, 0, +INF, 0)
       -0.225   cost
        1       supply(seattle)
        1       demand(new-york)

x(seattle,chicago)
                (.LO, .L, .UP, .M = 0, 0, +INF, 0)
       -0.153   cost
        1       supply(seattle)
        1       demand(chicago)

x(seattle,topeka)
                (.LO, .L, .UP, .M = 0, 0, +INF, 0)
       -0.072   cost
        1       supply(seattle)
        1       demand(topeka)

REMAINING 5 ENTRIES SKIPPED

---- z  total transportation costs in thousands of dollars

z
                (.LO, .L, .UP, .M = -INF, 0, +INF, 0)
        1       cost

GAMS 25.1.2  r67455 Released Aug  1, 2018 WEX-WEI x86 64bit/MS Windows - 10/31/24 13:34:47 Page 4
A Transportation Problem (TRNSPORT,SEQ=1)
Model Statistics    SOLVE transport Using LP From line 67


MODEL STATISTICS

BLOCKS OF EQUATIONS           3     SINGLE EQUATIONS            7
BLOCKS OF VARIABLES           2     SINGLE VARIABLES            9
NON ZERO ELEMENTS            25


GENERATION TIME      =        0.000 SECONDS      4 MB  25.1.2 r67455 WEX-WEI


EXECUTION TIME       =        0.000 SECONDS      4 MB  25.1.2 r67455 WEX-WEI
GAMS 25.1.2  r67455 Released Aug  1, 2018 WEX-WEI x86 64bit/MS Windows - 10/31/24 13:34:47 Page 5
A Transportation Problem (TRNSPORT,SEQ=1)
Solution Report     SOLVE transport Using LP From line 67


               S O L V E      S U M M A R Y

     MODEL   transport           OBJECTIVE  z
     TYPE    LP                  DIRECTION  MINIMIZE
     SOLVER  XPRESS              FROM LINE  67

**** SOLVER STATUS     1 Normal Completion         
**** MODEL STATUS      19 Infeasible - No Solution 
**** OBJECTIVE VALUE                0.0000

 RESOURCE USAGE, LIMIT         NA          1000.000
 ITERATION COUNT, LIMIT        NA    2000000000

FICO-Xpress      25.1.2 r67420 Released Jul 31, 2018 WEI x86 64bit/MS Windows 

Xpress Optimizer 32.01
Xpress Solver 64bit v8.4.7 Apr  4 2018
Presolved LP is infeasible
No solution will be returned
LP is infeasible

No solution returned
GAMS 25.1.2  r67455 Released Aug  1, 2018 WEX-WEI x86 64bit/MS Windows - 10/31/24 13:34:47 Page 6
A Transportation Problem (TRNSPORT,SEQ=1)
E x e c u t i o n


----     69 VARIABLE x.L  shipment quantities in cases

                      ( ALL       0.000 )


----     69 VARIABLE x.M  shipment quantities in cases

                      ( ALL       0.000 )



EXECUTION TIME       =        0.000 SECONDS      3 MB  25.1.2 r67455 WEX-WEI


USER: GAMS Development Corporation, USA              G871201/0000CA-ANY
      Free Demo, +1 202-342-0180, support@gams.com, www.gams.com DC0000


**** FILE SUMMARY

Input      C:\Users\Asus\Projects\Frequently Used Repos\AGV-Project\Thesis\Implementation\TestingGAMS.gms
Output     C:\Users\Asus\Projects\Frequently Used Repos\AGV-Project\Thesis\Implementation\TestingGAMS.lst
