GAMS 25.1.2  r67455 Released Aug  1, 2018 WEX-WEI x86 64bit/MS Windows - 11/05/24 11:41:18 Page 1
G e n e r a l   A l g e b r a i c   M o d e l i n g   S y s t e m
C o m p i l a t i o n


   2  scalar r /10/;
   3  set i "set of all" / i1*i12 /;
   4  set j /j1/;
   5  set c(i,j) /#i.#j/;
   6  set a /1,2,3,4/;
   7  *set o "llasdjfl" /i\set(i1)/; !!another way is by writing /(set.c).(set.a)/
   8  c('i1','j1') = no;
   9  set q(i,j,a);
  10  alias(i,i_1);
  11  sets
  12      p /1/ !!alaskdkjflsdf /3fasdfsdaaaaaasdfdsfi/
  13      v /3/
  14      ;
  15   
  16  set l /j1,j2/; !!this is /s/
  17  set k;
  18  k(i) = yes;
  19  k(j) = yes;
  20  display k;
  21  parameter
  22      f(i) "hi" / i1 1 /
  23      g(i_1) / i1 1 /;
  24  loop(i$(ord(i)>=2),
  25    f(i) = f(i-2) + f(i-1);
  26  );
  27  set z /#i,#j/;
  28  display z;
  29  set y(i,j) /i1.j1, i2.j1/;
  30  set z1 /#y, 0.0/;
  31  display z1;
  32  variable x;
  33  set oi /1/;
  34  equation eq_2(i,j);
  35  eq_2(i,j) $(not sameas(i,'i1')).. x =e= sum(oi, 10);
  36  *display set.i;
  37  equation eq_1;
  38  eq_1.. x =e= sum((i,j)$(y(i,j)), 1);
  39  Model ww /all/;
  40  solve ww using lp minimizing x;
GAMS 25.1.2  r67455 Released Aug  1, 2018 WEX-WEI x86 64bit/MS Windows - 11/05/24 11:41:18 Page 2
G e n e r a l   A l g e b r a i c   M o d e l i n g   S y s t e m
Include File Summary


   SEQ   GLOBAL TYPE      PARENT   LOCAL  FILENAME

     1        1 INPUT          0       0  C:\Users\Asus\Projects\Frequently Used Repos\AGV-Project\Thesis\Implementation\Testing2.gms
     2       41 GDXOUT         1      41  C:\Users\Asus\Projects\Frequently Used Repos\AGV-Project\Thesis\Implementation\testing2.gdx


COMPILATION TIME     =        0.000 SECONDS      3 MB  25.1.2 r67455 WEX-WEI
GAMS 25.1.2  r67455 Released Aug  1, 2018 WEX-WEI x86 64bit/MS Windows - 11/05/24 11:41:18 Page 3
G e n e r a l   A l g e b r a i c   M o d e l i n g   S y s t e m
E x e c u t i o n


----     20 SET k  

i1 ,    i2 ,    i3 ,    i4 ,    i5 ,    i6 ,    i7 ,    i8 ,    i9 ,    i10,    i11,    i12,    j1 


----     28 SET z  

i1 ,    i2 ,    i3 ,    i4 ,    i5 ,    i6 ,    i7 ,    i8 ,    i9 ,    i10,    i11,    i12,    j1 


----     31 SET z1  

            j1           0

i1         YES
i2         YES
0                      YES

GAMS 25.1.2  r67455 Released Aug  1, 2018 WEX-WEI x86 64bit/MS Windows - 11/05/24 11:41:18 Page 4
G e n e r a l   A l g e b r a i c   M o d e l i n g   S y s t e m
Equation Listing    SOLVE ww Using LP From line 40


---- eq_2  =E=  

eq_2(i2,j1)..  x =E= 10 ; (LHS = 0, INFES = 10 ****)
     
eq_2(i3,j1)..  x =E= 10 ; (LHS = 0, INFES = 10 ****)
     
eq_2(i4,j1)..  x =E= 10 ; (LHS = 0, INFES = 10 ****)
     
REMAINING 8 ENTRIES SKIPPED


---- eq_1  =E=  

eq_1..  x =E= 2 ; (LHS = 0, INFES = 2 ****)
     
GAMS 25.1.2  r67455 Released Aug  1, 2018 WEX-WEI x86 64bit/MS Windows - 11/05/24 11:41:18 Page 5
G e n e r a l   A l g e b r a i c   M o d e l i n g   S y s t e m
Column Listing      SOLVE ww Using LP From line 40


---- x  

x
                (.LO, .L, .UP, .M = -INF, 0, +INF, 0)
        1       eq_2(i2,j1)
        1       eq_2(i3,j1)
        1       eq_2(i4,j1)
        1       eq_2(i5,j1)
        1       eq_2(i6,j1)
        1       eq_2(i7,j1)
        1       eq_2(i8,j1)
        1       eq_2(i9,j1)
        1       eq_2(i10,j1)
        1       eq_2(i11,j1)
        1       eq_2(i12,j1)
        1       eq_1

GAMS 25.1.2  r67455 Released Aug  1, 2018 WEX-WEI x86 64bit/MS Windows - 11/05/24 11:41:18 Page 6
G e n e r a l   A l g e b r a i c   M o d e l i n g   S y s t e m
Model Statistics    SOLVE ww Using LP From line 40


MODEL STATISTICS

BLOCKS OF EQUATIONS           2     SINGLE EQUATIONS           12
BLOCKS OF VARIABLES           1     SINGLE VARIABLES            1
NON ZERO ELEMENTS            12


GENERATION TIME      =        0.000 SECONDS      4 MB  25.1.2 r67455 WEX-WEI


EXECUTION TIME       =        0.000 SECONDS      4 MB  25.1.2 r67455 WEX-WEI
GAMS 25.1.2  r67455 Released Aug  1, 2018 WEX-WEI x86 64bit/MS Windows - 11/05/24 11:41:18 Page 7
G e n e r a l   A l g e b r a i c   M o d e l i n g   S y s t e m
Solution Report     SOLVE ww Using LP From line 40


               S O L V E      S U M M A R Y

     MODEL   ww                  OBJECTIVE  x
     TYPE    LP                  DIRECTION  MINIMIZE
     SOLVER  XPRESS              FROM LINE  40

**** SOLVER STATUS     1 Normal Completion         
**** MODEL STATUS      19 Infeasible - No Solution 
**** OBJECTIVE VALUE                0.0000

 RESOURCE USAGE, LIMIT         NA          1000.000
 ITERATION COUNT, LIMIT        NA    2000000000

FICO-Xpress      25.1.2 r67420 Released Jul 31, 2018 WEI x86 64bit/MS Windows 

Xpress Optimizer 32.01
Xpress Solver 64bit v8.4.7 Apr  4 2018
Presolved LP is infeasible
No solution will be returned
LP is infeasible

No solution returned


EXECUTION TIME       =        0.000 SECONDS      2 MB  25.1.2 r67455 WEX-WEI


USER: GAMS Development Corporation, USA              G871201/0000CA-ANY
      Free Demo, +1 202-342-0180, support@gams.com, www.gams.com DC0000


**** FILE SUMMARY

Input      C:\Users\Asus\Projects\Frequently Used Repos\AGV-Project\Thesis\Implementation\Testing2.gms
Output     C:\Users\Asus\Projects\Frequently Used Repos\AGV-Project\Thesis\Implementation\Testing2.lst
