GAMS 48.3.0  71b5641f Nov 12, 2024          WEX-WEI x86 64bit/MS Windows - 12/30/24 19:56:14 Page 1
G e n e r a l   A l g e b r a i c   M o d e l i n g   S y s t e m
C o m p i l a t i o n


   1  Set i / 1*2 /
   2      j / 1*3 /;
   3   
   4  Positive Variables x(i), c;
   5  Variable           z;
   6  Binary Variables   y(j);
   7   
   8  x.up(i) = 5;
   9  c.up    = 7;
  10   
  11  Equations Obj, Eq1, Eq2, Eq3, Eq4, Eq5, Eq6;
  12   
  13  Obj..   z =e= c + 2*x('1') + x('2');
  14   
  15  * Equations for Disjunctions
  16  Eq1..   x('2') - x('1') =l=  - 2;
  17  Eq2..   c =l= 5;
  18  Eq3..   x('2') =g= 2;
  19  Eq4..   c =l= 7;
  20  Eq5..   x('1') - x('2') =l= 1 ;
  21  Eq6..   x('1') =l= 1;
  22   
  23  * Equations for Logic Propositions
  24  Logic Equations  LEq1, LEq2, LEq3;
  25   
  26  LEq1..   y('1') and not y('2') -> not y('3');
  27  LEq2..   y('2') -> not y('3');
  28  LEq3..   y('3') -> not y('2');
  29   
  30  Model small1 / all /;
  31   
  32  File emp / 'emp.info' /;
  33  put emp;
  34  $onput
  35  disjunction y('1') Eq1 Eq2 elseif y('2') Eq3 Eq4
  36  disjunction y('3') Eq5 else Eq6
  37  $offput
  38  putclose;
  39   
  40  Option optcr = 0.0;
  41   
  42  solve small1 using EMP minimize z;


COMPILATION TIME     =        0.000 SECONDS      3 MB  48.3.0 71b5641f WEX-WEI
GAMS 48.3.0  71b5641f Nov 12, 2024          WEX-WEI x86 64bit/MS Windows - 12/30/24 19:56:14 Page 2
G e n e r a l   A l g e b r a i c   M o d e l i n g   S y s t e m
Equation Listing    SOLVE small1 Using EMP From line 42


---- Obj  =E=  

Obj..  - 2*x(1) - x(2) - c + z =E= 0 ; (LHS = 0)
     

---- Eq1  =L=  

Eq1..  - x(1) + x(2) =L= -2 ; (LHS = 0, INFES = 2 ****)
     

---- Eq2  =L=  

Eq2..  c =L= 5 ; (LHS = 0)
     

---- Eq3  =G=  

Eq3..  x(2) =G= 2 ; (LHS = 0, INFES = 2 ****)
     

---- Eq4  =L=  

Eq4..  c =L= 7 ; (LHS = 0)
     

---- Eq5  =L=  

Eq5..  x(1) - x(2) =L= 1 ; (LHS = 0)
     

---- Eq6  =L=  

Eq6..  x(1) =L= 1 ; (LHS = 0)
     

---- LEq1  =B=  

LEq1..  (0)*y(1) + (0)*y(2) + (0)*y(3) =B= 1 ; (LHS = 1)
     

---- LEq2  =B=  

LEq2..  (0)*y(2) + (0)*y(3) =B= 1 ; (LHS = 1)
     

---- LEq3  =B=  

LEq3..  (0)*y(2) + (0)*y(3) =B= 1 ; (LHS = 1)
     
GAMS 48.3.0  71b5641f Nov 12, 2024          WEX-WEI x86 64bit/MS Windows - 12/30/24 19:56:14 Page 3
G e n e r a l   A l g e b r a i c   M o d e l i n g   S y s t e m
Column Listing      SOLVE small1 Using EMP From line 42


---- x  

x(1)
                (.LO, .L, .UP, .M = 0, 0, 5, 0)
       -2       Obj
       -1       Eq1
        1       Eq5
        1       Eq6

x(2)
                (.LO, .L, .UP, .M = 0, 0, 5, 0)
       -1       Obj
        1       Eq1
        1       Eq3
       -1       Eq5


---- c  

c
                (.LO, .L, .UP, .M = 0, 0, 7, 0)
       -1       Obj
        1       Eq2
        1       Eq4


---- z  

z
                (.LO, .L, .UP, .M = -INF, 0, +INF, 0)
        1       Obj


---- y  

y(1)
                (.LO, .L, .UP, .M = 0, 0, 1, 0)
       (0)      LEq1

y(2)
                (.LO, .L, .UP, .M = 0, 0, 1, 0)
       (0)      LEq1
       (0)      LEq2
       (0)      LEq3

y(3)
                (.LO, .L, .UP, .M = 0, 0, 1, 0)
       (0)      LEq1
       (0)      LEq2
       (0)      LEq3

GAMS 48.3.0  71b5641f Nov 12, 2024          WEX-WEI x86 64bit/MS Windows - 12/30/24 19:56:14 Page 4
G e n e r a l   A l g e b r a i c   M o d e l i n g   S y s t e m
Range Statistics    SOLVE small1 Using EMP From line 42


RANGE STATISTICS (ABSOLUTE NON-ZERO FINITE VALUES)

RHS       [min, max] : [ 1.000E+00, 7.000E+00] - Zero values observed as well
Bound     [min, max] : [ 1.000E+00, 7.000E+00] - Zero values observed as well
Matrix    [min, max] : [ 1.000E+00, 2.000E+00] - Zero values observed as well

GAMS 48.3.0  71b5641f Nov 12, 2024          WEX-WEI x86 64bit/MS Windows - 12/30/24 19:56:14 Page 5
G e n e r a l   A l g e b r a i c   M o d e l i n g   S y s t e m
Model Statistics    SOLVE small1 Using EMP From line 42


MODEL STATISTICS

BLOCKS OF EQUATIONS          10     SINGLE EQUATIONS           10
BLOCKS OF VARIABLES           4     SINGLE VARIABLES            7
NON ZERO ELEMENTS            19     NON LINEAR N-Z              7
CODE LENGTH                  22     CONSTANT POOL              16     DISCRETE VARIABLES          3


GENERATION TIME      =        0.000 SECONDS      4 MB  48.3.0 71b5641f WEX-WEI
GAMS 48.3.0  71b5641f Nov 12, 2024          WEX-WEI x86 64bit/MS Windows - 12/30/24 19:56:14 Page 6
G e n e r a l   A l g e b r a i c   M o d e l i n g   S y s t e m
Solution Report     SOLVE small1 Using EMP From line 42


               S O L V E      S U M M A R Y

     MODEL   small1              OBJECTIVE  z
     TYPE    EMP                 DIRECTION  MINIMIZE
     SOLVER  JAMS                FROM LINE  42

**** SOLVER STATUS     7 Licensing Problems
**** MODEL STATUS      11 Licensing Problem
**** OBJECTIVE VALUE               NA

 RESOURCE USAGE, LIMIT         NA     10000000000.000
 ITERATION COUNT, LIMIT        NA    2147483647
 EVALUATION ERRORS             NA             0

JAMS 1.0         48.3.0 71b5641f Nov 12, 2024          WEI x86 64bit/MS Window

JAMS - Solver for Extended Mathematical Programs (EMP)
------------------------------------------------------
--- EMP Summary
    Logical Constraints = 3

*** Problems reading EMP info file: C:\Users\Asus\Projects\FrequentlyUsedRepos\AGV-Project\Thesis\Implementation\225b\empinfo.dat
*** Error code = 2 when opening file: C:\Users\Asus\Projects\FrequentlyUsedRepos\AGV-Project\Thesis\Implementation\225b\empinfo.dat

--- The model C:\Users\Asus\Projects\FrequentlyUsedRepos\AGV-Project\Thesis\Implementation\225b\emp.dat will be solved by GAMS
---
--- Returning from GAMS step
*** This solver runs with a demo license. No commercial use.
Gurobi library version 11.0.2
GAMS/Gurobi demo/community requires a Gurobi license from Gurobi Optimization.
*** Cannot initialize Gurobi environment. (status=10009|10009)
*** No Gurobi license found (user asus, host AMIRSLAPTOP, hostid fe144264, cores 14)

No solution returned

**** REPORT FILE SUMMARY

emp C:\Users\Asus\Projects\FrequentlyUsedRepos\AGV-Project\Thesis\Implementation\emp.info


EXECUTION TIME       =        0.062 SECONDS      4 MB  48.3.0 71b5641f WEX-WEI


USER: GAMS Demo, for EULA and demo limitations see   G241001/0001CB-GEN
      https://www.gams.com/latest/docs/UG%5FLicense.html         DC0000


**** FILE SUMMARY

Input      C:\Users\Asus\Projects\FrequentlyUsedRepos\AGV-Project\Thesis\Implementation\test5.gms
Output     C:\Users\Asus\Projects\FrequentlyUsedRepos\AGV-Project\Thesis\Implementation\test5.lst
