GAMS 25.1.2  r67455 Released Aug  1, 2018 WEX-WEI x86 64bit/MS Windows - 11/03/24 14:26:38 Page 1
G e n e r a l   A l g e b r a i c   M o d e l i n g   S y s t e m
C o m p i l a t i o n


   1   
   3  scalar r /10/;
   4  set i "set of all" / i1*i12 /;
   5  set j /j1/;
   6  set c(i,j) /#i.#j/;
   7  set a /1,2,3,4/;
   8  *set o "llasdjfl" /i\set(i1)/; !!another way is by writing /(set.c).(set.a)/
   9  set z /z63*z49/;
  10  c('i1','j1') = no;
  11  set q(i,j,a);
  12  alias(i,i_1);
  13  sets
  14      p /1/ !!alaskdkjflsdf /3fasdfsdaaaaaasdfdsfi/
  15      v /3/
  16      ;
  17  display z;
  18  set l /j1,j2/; !!this is /s/
  19  set k;
  20  k(i) = yes;
  21  k(j) = yes;
  22  display k;
  23  parameter
  24      f(i) "hi" / i1 1 /
  25      g(i_1) / i1 1 /;
  26  loop(i$(ord(i)>=2),
  27    f(i) = f(i-2) + f(i-1);
  28  );
  29   
  30  set y(i,j) /i1.j1, i2.j1/;
  31  variable x;
  32  set oi /1/;
  33  equation eq_2(i,j);
  34  eq_2(i,j) $(y(i,j)).. x $(y(i,j))  =e= sum(oi, 10);
  35   
  36  equation eq_1;
  37  eq_1.. x =e= sum((i,j)$(y(i,j)), 1);
  38  Model ww /all/;
  39  solve ww using lp minimizing x;


COMPILATION TIME     =        0.000 SECONDS      3 MB  25.1.2 r67455 WEX-WEI
GAMS 25.1.2  r67455 Released Aug  1, 2018 WEX-WEI x86 64bit/MS Windows - 11/03/24 14:26:38 Page 2
G e n e r a l   A l g e b r a i c   M o d e l i n g   S y s t e m
E x e c u t i o n


----     17 SET z  

z63,    z62,    z61,    z60,    z59,    z58,    z57,    z56,    z55,    z54,    z53,    z52,    z51,    z50,    z49


----     22 SET k  

i1 ,    i2 ,    i3 ,    i4 ,    i5 ,    i6 ,    i7 ,    i8 ,    i9 ,    i10,    i11,    i12,    j1 

GAMS 25.1.2  r67455 Released Aug  1, 2018 WEX-WEI x86 64bit/MS Windows - 11/03/24 14:26:38 Page 3
G e n e r a l   A l g e b r a i c   M o d e l i n g   S y s t e m
Equation Listing    SOLVE ww Using LP From line 39


---- eq_2  =E=  

eq_2(i1,j1)..  x =E= 10 ; (LHS = 0, INFES = 10 ****)
     
eq_2(i2,j1)..  x =E= 10 ; (LHS = 0, INFES = 10 ****)
     

---- eq_1  =E=  

eq_1..  x =E= 2 ; (LHS = 0, INFES = 2 ****)
     
GAMS 25.1.2  r67455 Released Aug  1, 2018 WEX-WEI x86 64bit/MS Windows - 11/03/24 14:26:38 Page 4
G e n e r a l   A l g e b r a i c   M o d e l i n g   S y s t e m
Column Listing      SOLVE ww Using LP From line 39


---- x  

x
                (.LO, .L, .UP, .M = -INF, 0, +INF, 0)
        1       eq_2(i1,j1)
        1       eq_2(i2,j1)
        1       eq_1

GAMS 25.1.2  r67455 Released Aug  1, 2018 WEX-WEI x86 64bit/MS Windows - 11/03/24 14:26:38 Page 5
G e n e r a l   A l g e b r a i c   M o d e l i n g   S y s t e m
Model Statistics    SOLVE ww Using LP From line 39


MODEL STATISTICS

BLOCKS OF EQUATIONS           2     SINGLE EQUATIONS            3
BLOCKS OF VARIABLES           1     SINGLE VARIABLES            1
NON ZERO ELEMENTS             3


GENERATION TIME      =        0.016 SECONDS      4 MB  25.1.2 r67455 WEX-WEI


EXECUTION TIME       =        0.016 SECONDS      4 MB  25.1.2 r67455 WEX-WEI
GAMS 25.1.2  r67455 Released Aug  1, 2018 WEX-WEI x86 64bit/MS Windows - 11/03/24 14:26:38 Page 6
G e n e r a l   A l g e b r a i c   M o d e l i n g   S y s t e m
Solution Report     SOLVE ww Using LP From line 39


               S O L V E      S U M M A R Y

     MODEL   ww                  OBJECTIVE  x
     TYPE    LP                  DIRECTION  MINIMIZE
     SOLVER  XPRESS              FROM LINE  39

**** SOLVER STATUS     1 Normal Completion         
**** MODEL STATUS      19 Infeasible - No Solution 
**** OBJECTIVE VALUE                0.0000

 RESOURCE USAGE, LIMIT         NA          1000.000
 ITERATION COUNT, LIMIT        NA    2000000000

FICO-Xpress      25.1.2 r67420 Released Jul 31, 2018 WEI x86 64bit/MS Windows 

Xpress Optimizer 32.01
Xpress Solver 64bit v8.4.7 Apr  4 2018
Presolved LP is infeasible
No solution will be returned
LP is infeasible

No solution returned


EXECUTION TIME       =        0.000 SECONDS      2 MB  25.1.2 r67455 WEX-WEI


USER: GAMS Development Corporation, USA              G871201/0000CA-ANY
      Free Demo, +1 202-342-0180, support@gams.com, www.gams.com DC0000


**** FILE SUMMARY

Input      C:\Users\Asus\Projects\Frequently Used Repos\AGV-Project\Thesis\Implementation\Testing2.gms
Output     C:\Users\Asus\Projects\Frequently Used Repos\AGV-Project\Thesis\Implementation\Testing2.lst
