GAMS 48.3.0  71b5641f Nov 12, 2024          WEX-WEI x86 64bit/MS Windows - 11/25/24 09:30:42 Page 1
G e n e r a l   A l g e b r a i c   M o d e l i n g   S y s t e m
C o m p i l a t i o n


   1  scalar a, b;
   2  a = 10;
   3  variable u;
   4  set j /1*3/;
   5  Binary variable a1(j), p;
   6  a1.up(j) = 1;
   7  a1.lo(j) = 0;
   8  scalar tt;
   9  if (a1.l('1') <> 0,
  10      tt = a1.l('1');
  11  else
  12      tt = a1.l('1');
  13      display 'this is tt: ', tt;
  14  );
  15  variables x;
  16  scalar y;
  17  x.l = 1;
  18   
  19  y $(x.l = 1) = 10;
  20  display y;
  21  Sets
  22      t1 /1,3,5/
  23      t2 /2,4,6/
  24      t3(t1,t2) /#t1.#t2/
  25      t4 /7,9,11/
  26      t4_p(t4) /7/
  27      t5(t1,t2,t4) /#t3.#t4_p/
  28      ;
  29  display t5;
  30  x.l = 0;
  31   
  32  y $(x.l = 1) = 20;
  33  display y;
  35  display 'hi';
  36  set i /i1*i20/;
  37  display i;
  38  equation eq1,eq2,eq3;
  39  p.up = 100;
  40  p.lo = 0;
  41  set jh(i,*) /i1.56, i2.1, i2.56/;
  42  jh('i1','hello')= yes;
  43  display jh;
  44  variables x1,x2;
  45  x1.up = 10;
  46  x1.lo = 2;
  47  x2.lo = 1;
  48  x1.l = x2.l + 1  $(x1.l>=0);
  49  eq2.. x2 =l= 110;
  50  eq3.. x1 =e= x2;
  51  eq1.. u  =e=  sum(j , a1(j));
  52  Model er /all/;
  53  solve er using mip maximizing x2;
  54  display x1.l;

**** LIST OF STRAY NAMES - CHECK DECLARATIONS FOR SPURIOUS COMMAS
**** STRAY NAME b OF TYPE PARAM


COMPILATION TIME     =        0.000 SECONDS      3 MB  48.3.0 71b5641f WEX-WEI
GAMS 48.3.0  71b5641f Nov 12, 2024          WEX-WEI x86 64bit/MS Windows - 11/25/24 09:30:42 Page 2
G e n e r a l   A l g e b r a i c   M o d e l i n g   S y s t e m
E x e c u t i o n


----     13 this is tt: 
            PARAMETER tt                   =        0.000  

----     20 PARAMETER y                    =       10.000  

----     29 SET t5  

              7

1.2         YES
1.4         YES
1.6         YES
3.2         YES
3.4         YES
3.6         YES
5.2         YES
5.4         YES
5.6         YES


----     33 PARAMETER y                    =       10.000  

----     35 hi

----     37 SET i  

i1 ,    i2 ,    i3 ,    i4 ,    i5 ,    i6 ,    i7 ,    i8 ,    i9 ,    i10,    i11,    i12,    i13,    i14,    i15,    i16,    i17,    i18,    i19,    i20


----     43 SET jh  

             1          56       hello

i1                     YES         YES
i2         YES         YES

GAMS 48.3.0  71b5641f Nov 12, 2024          WEX-WEI x86 64bit/MS Windows - 11/25/24 09:30:42 Page 3
G e n e r a l   A l g e b r a i c   M o d e l i n g   S y s t e m
Equation Listing    SOLVE er Using MIP From line 53


---- eq1  =E=  

eq1..  u - a1(1) - a1(2) - a1(3) =E= 0 ; (LHS = 0)
     

---- eq2  =L=  

eq2..  x2 =L= 110 ; (LHS = 1)
     

---- eq3  =E=  

eq3..  x1 - x2 =E= 0 ; (LHS = 1, INFES = 1 ****)
     
GAMS 48.3.0  71b5641f Nov 12, 2024          WEX-WEI x86 64bit/MS Windows - 11/25/24 09:30:42 Page 4
G e n e r a l   A l g e b r a i c   M o d e l i n g   S y s t e m
Column Listing      SOLVE er Using MIP From line 53


---- u  

u
                (.LO, .L, .UP, .M = -INF, 0, +INF, 0)
        1       eq1


---- a1  

a1(1)
                (.LO, .L, .UP, .M = 0, 0, 1, 0)
       -1       eq1

a1(2)
                (.LO, .L, .UP, .M = 0, 0, 1, 0)
       -1       eq1

a1(3)
                (.LO, .L, .UP, .M = 0, 0, 1, 0)
       -1       eq1


---- x1  

x1
                (.LO, .L, .UP, .M = 2, 2, 10, 0)
        1       eq3
        1       (OLD LEVEL ****)


---- x2  

x2
                (.LO, .L, .UP, .M = 1, 1, +INF, 0)
        1       eq2
       -1       eq3
        0       (OLD LEVEL ****)

GAMS 48.3.0  71b5641f Nov 12, 2024          WEX-WEI x86 64bit/MS Windows - 11/25/24 09:30:42 Page 5
G e n e r a l   A l g e b r a i c   M o d e l i n g   S y s t e m
Range Statistics    SOLVE er Using MIP From line 53


RANGE STATISTICS (ABSOLUTE NON-ZERO FINITE VALUES)

RHS       [min, max] : [ 1.100E+02, 1.100E+02] - Zero values observed as well
Bound     [min, max] : [ 1.000E+00, 1.000E+01] - Zero values observed as well
Matrix    [min, max] : [ 1.000E+00, 1.000E+00]

GAMS 48.3.0  71b5641f Nov 12, 2024          WEX-WEI x86 64bit/MS Windows - 11/25/24 09:30:42 Page 6
G e n e r a l   A l g e b r a i c   M o d e l i n g   S y s t e m
Model Statistics    SOLVE er Using MIP From line 53


MODEL STATISTICS

BLOCKS OF EQUATIONS           3     SINGLE EQUATIONS            3
BLOCKS OF VARIABLES           4     SINGLE VARIABLES            6  2 projected
NON ZERO ELEMENTS             7     DISCRETE VARIABLES          3


GENERATION TIME      =        0.000 SECONDS      4 MB  48.3.0 71b5641f WEX-WEI
GAMS 48.3.0  71b5641f Nov 12, 2024          WEX-WEI x86 64bit/MS Windows - 11/25/24 09:30:42 Page 7
G e n e r a l   A l g e b r a i c   M o d e l i n g   S y s t e m
Solution Report     SOLVE er Using MIP From line 53


               S O L V E      S U M M A R Y

     MODEL   er                  OBJECTIVE  x2
     TYPE    MIP                 DIRECTION  MAXIMIZE
     SOLVER  CPLEX               FROM LINE  53

**** SOLVER STATUS     1 Normal Completion
**** MODEL STATUS      1 Optimal
**** OBJECTIVE VALUE               10.0000

 RESOURCE USAGE, LIMIT          0.016 10000000000.000
 ITERATION COUNT, LIMIT         0    2147483647
*** This solver runs with a demo license. No commercial use.
--- GMO setup time: 0.00s
--- GMO memory 0.50 Mb (peak 0.50 Mb)
--- Dictionary memory 0.00 Mb
--- Cplex 22.1.1.0 link memory 0.00 Mb (peak 0.00 Mb)
--- Starting Cplex


--- MIP status (101): integer optimal solution.
--- Cplex Time: 0.02sec (det. 0.00 ticks)

--- Returning a primal only solution to GAMS (marginals all set to NA).
--- Fixing integer variables and solving final LP...


--- Fixed MIP status (1): optimal.
--- Cplex Time: 0.00sec (det. 0.00 ticks)


Proven optimal solution
MIP Solution:           10.000000    (0 iterations, 0 nodes)
Final Solve:            10.000000    (0 iterations)

Best possible:          10.000000
Absolute gap:            0.000000
Relative gap:            0.000000


                           LOWER          LEVEL          UPPER         MARGINAL

---- EQU eq1                 .              .              .             EPS         
---- EQU eq2               -INF           10.0000       110.0000          .          
---- EQU eq3                 .              .              .            -1.0000      

                           LOWER          LEVEL          UPPER         MARGINAL

---- VAR u                 -INF             .            +INF             .          

---- VAR a1  

         LOWER          LEVEL          UPPER         MARGINAL

1          .              .             1.0000         EPS         
2          .              .             1.0000         EPS         
3          .              .             1.0000         EPS         

                           LOWER          LEVEL          UPPER         MARGINAL

---- VAR x1                 2.0000        10.0000        10.0000         1.0000      
---- VAR x2                 1.0000        10.0000        +INF             .          


**** REPORT SUMMARY :        0     NONOPT
                             0 INFEASIBLE
                             0  UNBOUNDED
GAMS 48.3.0  71b5641f Nov 12, 2024          WEX-WEI x86 64bit/MS Windows - 11/25/24 09:30:42 Page 8
G e n e r a l   A l g e b r a i c   M o d e l i n g   S y s t e m
E x e c u t i o n


----     54 VARIABLE x1.L                  =       10.000  


EXECUTION TIME       =        0.078 SECONDS      4 MB  48.3.0 71b5641f WEX-WEI


USER: GAMS Demo, for EULA and demo limitations see   G241001/0001CB-GEN
      https://www.gams.com/latest/docs/UG%5FLicense.html         DC0000


**** FILE SUMMARY

Input      C:\Users\Asus\Projects\FrequentlyUsedRepos\AGV-Project\Thesis\Implementation\test6.gms
Output     C:\Users\Asus\Projects\FrequentlyUsedRepos\AGV-Project\Thesis\Implementation\test6.lst
