GAMS 25.1.2  r67455 Released Aug  1, 2018 WEX-WEI x86 64bit/MS Windows - 11/03/24 10:46:38 Page 1
Test extended card and ord functions (CARD01,SEQ=417)
C o m p i l a t i o n


   2   
      Contributor: Alex
   6   
   7  set s       text for s / abc this is abc, 1 this is one /
   8      ss(s,s) this is ss / abc.abc this is element text /;
   9   
  10  parameter stl(s)    length of element         / abc 3, 1 1 /
  11            ste(s)    length of explanatory text/ abc 11, 1 11 /
  12            sste(s,s) length of text            / abc.abc  20 /;
  13   
  14  abort$(card(ss)<>1)          'number of entries:   line 14';
  15  abort$(card('123456789')<>9) 'length of string:    line 15';
  16  abort$(card("123456789")<>9) 'length of string:    line 16';
  17  abort$(card(ss.ts)<>10)      'length of long text: line 17';
  18   
  19  loop(s,  abort$(card(s.tl) <>stl(s))   'length of element:      line 19');
  20  loop(s,  abort$(card(s.te) <>ste(s))   'length of element text: line 20');
  21  loop(ss, abort$(card(ss.te)<>sste(ss)) 'length of element text: line 21');
  22   
  23  display ord('12 ','3');
****            $192       $408
**** 192  Identifier or quoted string expected
**** 408  Too many ),] or }
  24  abort$((ord('78',2)-ord('0',1))<>8) 'decimal value: line 24';
  25  abort$(ord(ss.ts,4)<>ord('s',1))    'symbol text: line 25';
  26   
  27  alias(s,t);
  28  loop(ss(s,t), abort$((ord(s.tl,3)-ord(t.tl,1))<>2)           'element ascii values: line 28');
  29  loop(ss,      abort$(ord(ss.te,1)<>ord(ss.te,card(ss.te)-3)) 'element text ascii values: line 29');

**** 2 ERROR(S)   0 WARNING(S)


COMPILATION TIME     =        0.000 SECONDS      3 MB  25.1.2 r67455 WEX-WEI


USER: GAMS Development Corporation, USA              G871201/0000CA-ANY
      Free Demo, +1 202-342-0180, support@gams.com, www.gams.com DC0000


**** FILE SUMMARY

Input      C:\Users\Asus\Projects\Frequently Used Repos\AGV-Project\Thesis\Implementation\test3.gms
Output     C:\Users\Asus\Projects\Frequently Used Repos\AGV-Project\Thesis\Implementation\test3.lst

**** USER ERROR(S) ENCOUNTERED
